File fake_file.csv not found